<!doctype html public "-//w3c//dtd html 4.0 transitional//en">
<html><head>
<title>Static Call Graph - [.\Objects\Assembly_Competition.axf]</title></head>
<body><HR>
<H1>Static Call Graph for image .\Objects\Assembly_Competition.axf</H1><HR>
<BR><P>#&#060CALLGRAPH&#062# ARM Linker, 6140101: Last Updated: Sat Aug 10 17:44:42 2024
<BR><P>
<H3>Maximum Stack Usage =          0 bytes + Unknown(Functions without stacksize, Untraceable Function Pointers)</H3><H3>
Call chain for Maximum Stack Depth:</H3>

<P>
<H3>
Functions with no stack information
</H3><UL>
 <LI><a href="#[1]">myApplication</a>
 <LI><a href="#[0]">myResetHandler</a>
</UL>
</UL>
<P>
<H3>
Function Pointers
</H3><UL>
 <LI><a href="#[0]">myResetHandler</a> from startup.o(mySection2) referenced from startup.o(mySection1)
</UL>
<P>
<H3>
Global Symbols
</H3>
<P><STRONG><a name="[1]"></a>myApplication</STRONG> (Thumb, 0 bytes, Stack size unknown bytes, app.o(mySection3), UNUSED)
<P>
<H3>
Local Symbols
</H3>
<P><STRONG><a name="[0]"></a>myResetHandler</STRONG> (Thumb, 0 bytes, Stack size unknown bytes, startup.o(mySection2))
<BR>[Address Reference Count : 1]<UL><LI> startup.o(mySection1)
</UL><P>
<H3>
Undefined Global Symbols
</H3><HR></body></html>
