<!doctype html public "-//w3c//dtd html 4.0 transitional//en">
<html><head>
<title>Static Call Graph - [.\Objects\Assembly_Competition.axf]</title></head>
<body><HR>
<H1>Static Call Graph for image .\Objects\Assembly_Competition.axf</H1><HR>
<BR><P>#&#060CALLGRAPH&#062# ARM Linker, 6140101: Last Updated: Sun Aug 11 19:41:59 2024
<BR><P>
<H3>Maximum Stack Usage =          0 bytes + Unknown(Functions without stacksize, Untraceable Function Pointers)</H3><H3>
Call chain for Maximum Stack Depth:</H3>

<P>
<H3>
Functions with no stack information
</H3><UL>
 <LI><a href="#[7]">init_adc</a>
 <LI><a href="#[8]">read_adc</a>
 <LI><a href="#[1]">display_lcd</a>
 <LI><a href="#[4]">delay</a>
 <LI><a href="#[3]">send_command</a>
 <LI><a href="#[2]">send_data</a>
 <LI><a href="#[5]">init_lcd</a>
 <LI><a href="#[6]">myApplication</a>
 <LI><a href="#[0]">myResetHandler</a>
</UL>
</UL>
<P>
<H3>
Function Pointers
</H3><UL>
 <LI><a href="#[0]">myResetHandler</a> from startup.o(mySection2) referenced from startup.o(mySection1)
</UL>
<P>
<H3>
Global Symbols
</H3>
<P><STRONG><a name="[7]"></a>init_adc</STRONG> (Thumb, 0 bytes, Stack size unknown bytes, adc.o(adcSection), UNUSED)
<BR><BR>[Called By]<UL><LI><a href="#[6]">&gt;&gt;</a>&nbsp;&nbsp;&nbsp;myApplication
</UL>

<P><STRONG><a name="[8]"></a>read_adc</STRONG> (Thumb, 0 bytes, Stack size unknown bytes, adc.o(adcSection), UNUSED)
<BR><BR>[Called By]<UL><LI><a href="#[6]">&gt;&gt;</a>&nbsp;&nbsp;&nbsp;myApplication
</UL>

<P><STRONG><a name="[1]"></a>display_lcd</STRONG> (Thumb, 0 bytes, Stack size unknown bytes, adc.o(adcSection), UNUSED)
<BR><BR>[Calls]<UL><LI><a href="#[2]">&gt;&gt;</a>&nbsp;&nbsp;&nbsp;send_data
</UL>
<BR>[Called By]<UL><LI><a href="#[6]">&gt;&gt;</a>&nbsp;&nbsp;&nbsp;myApplication
</UL>

<P><STRONG><a name="[4]"></a>delay</STRONG> (Thumb, 0 bytes, Stack size unknown bytes, lcd.o(lcdSection), UNUSED)
<BR><BR>[Called By]<UL><LI><a href="#[2]">&gt;&gt;</a>&nbsp;&nbsp;&nbsp;send_data
<LI><a href="#[3]">&gt;&gt;</a>&nbsp;&nbsp;&nbsp;send_command
<LI><a href="#[5]">&gt;&gt;</a>&nbsp;&nbsp;&nbsp;init_lcd
<LI><a href="#[6]">&gt;&gt;</a>&nbsp;&nbsp;&nbsp;myApplication
</UL>

<P><STRONG><a name="[3]"></a>send_command</STRONG> (Thumb, 0 bytes, Stack size unknown bytes, lcd.o(lcdSection), UNUSED)
<BR><BR>[Calls]<UL><LI><a href="#[4]">&gt;&gt;</a>&nbsp;&nbsp;&nbsp;delay
</UL>
<BR>[Called By]<UL><LI><a href="#[5]">&gt;&gt;</a>&nbsp;&nbsp;&nbsp;init_lcd
<LI><a href="#[6]">&gt;&gt;</a>&nbsp;&nbsp;&nbsp;myApplication
</UL>

<P><STRONG><a name="[2]"></a>send_data</STRONG> (Thumb, 0 bytes, Stack size unknown bytes, lcd.o(lcdSection), UNUSED)
<BR><BR>[Calls]<UL><LI><a href="#[4]">&gt;&gt;</a>&nbsp;&nbsp;&nbsp;delay
</UL>
<BR>[Called By]<UL><LI><a href="#[1]">&gt;&gt;</a>&nbsp;&nbsp;&nbsp;display_lcd
</UL>

<P><STRONG><a name="[5]"></a>init_lcd</STRONG> (Thumb, 0 bytes, Stack size unknown bytes, lcd.o(lcdSection), UNUSED)
<BR><BR>[Calls]<UL><LI><a href="#[3]">&gt;&gt;</a>&nbsp;&nbsp;&nbsp;send_command
<LI><a href="#[4]">&gt;&gt;</a>&nbsp;&nbsp;&nbsp;delay
</UL>
<BR>[Called By]<UL><LI><a href="#[6]">&gt;&gt;</a>&nbsp;&nbsp;&nbsp;myApplication
</UL>

<P><STRONG><a name="[6]"></a>myApplication</STRONG> (Thumb, 0 bytes, Stack size unknown bytes, app.o(mySection3), UNUSED)
<BR><BR>[Calls]<UL><LI><a href="#[3]">&gt;&gt;</a>&nbsp;&nbsp;&nbsp;send_command
<LI><a href="#[8]">&gt;&gt;</a>&nbsp;&nbsp;&nbsp;read_adc
<LI><a href="#[5]">&gt;&gt;</a>&nbsp;&nbsp;&nbsp;init_lcd
<LI><a href="#[7]">&gt;&gt;</a>&nbsp;&nbsp;&nbsp;init_adc
<LI><a href="#[1]">&gt;&gt;</a>&nbsp;&nbsp;&nbsp;display_lcd
<LI><a href="#[4]">&gt;&gt;</a>&nbsp;&nbsp;&nbsp;delay
</UL>
<P>
<H3>
Local Symbols
</H3>
<P><STRONG><a name="[0]"></a>myResetHandler</STRONG> (Thumb, 0 bytes, Stack size unknown bytes, startup.o(mySection2))
<BR>[Address Reference Count : 1]<UL><LI> startup.o(mySection1)
</UL><P>
<H3>
Undefined Global Symbols
</H3><HR></body></html>
