Component: ARM Compiler 6.14.1 Tool: armlink [5db06d00]

==============================================================================

Section Cross References

    startup.o(mySection1) refers to startup.o(mySection2) for myResetHandler
    startup.o(mySection2) refers to app.o(mySection3) for myApplication


==============================================================================

Image Symbol Table

    Local Symbols

    Symbol Name                              Value     Ov Type        Size  Object(Section)

    App.s                                    0x00000000   Number         0  app.o ABSOLUTE
    Startup.s                                0x00000000   Number         0  startup.o ABSOLUTE
    mySection1                               0x08000000   Section        8  startup.o(mySection1)
    myResetHandler                           0x08000009   Thumb Code     0  startup.o(mySection2)
    mySection2                               0x08000008   Section        4  startup.o(mySection2)
    mySection3                               0x0800000c   Section      308  app.o(mySection3)

    Global Symbols

    Symbol Name                              Value     Ov Type        Size  Object(Section)

    BuildAttributes$$THM_ISAv4$P$D$K$B$S$A:L22UL41UL21$X:L11$S22US41US21$IEEE1$~IW$USESV6$~STKCKD$USESV7$~SHL$OSPACE$EBA8$STANDARDLIB$PRES8$EABIv2 0x00000000   Number         0  anon$$obj.o ABSOLUTE
    myApplication                            0x0800000d   Thumb Code     0  app.o(mySection3)



==============================================================================

Memory Map of the image

  Image Entry point : 0x08000009

  Load Region LR_IROM1 (Base: 0x08000000, Size: 0x00000140, Max: 0x00010000, ABSOLUTE)

    Execution Region ER_IROM1 (Exec base: 0x08000000, Load base: 0x08000000, Size: 0x00000140, Max: 0x00010000, ABSOLUTE)

    Exec Addr    Load Addr    Size         Type   Attr      Idx    E Section Name        Object

    0x08000000   0x08000000   0x00000008   Data   RO            1    mySection1          startup.o
    0x08000008   0x08000008   0x00000004   Code   RO            2  * mySection2          startup.o
    0x0800000c   0x0800000c   0x00000134   Code   RO            7    mySection3          app.o


    Execution Region RW_IRAM1 (Exec base: 0x20000000, Load base: 0x08000140, Size: 0x00000000, Max: 0x00005000, ABSOLUTE)

    **** No section assigned to this execution region ****


==============================================================================

Image component sizes


      Code (inc. data)   RO Data    RW Data    ZI Data      Debug   Object Name

       308         12          0          0          0        284   app.o
         4          0          8          0          0        232   startup.o

    ----------------------------------------------------------------------
       312         12          8          0          0        516   Object Totals
         0          0          0          0          0          0   (incl. Generated)
         0          0          0          0          0          0   (incl. Padding)

    ----------------------------------------------------------------------
         0          0          0          0          0          0   Library Totals
         0          0          0          0          0          0   (incl. Padding)

    ----------------------------------------------------------------------

==============================================================================


      Code (inc. data)   RO Data    RW Data    ZI Data      Debug   

       312         12          8          0          0        516   Grand Totals
       312         12          8          0          0        516   ELF Image Totals
       312         12          8          0          0          0   ROM Totals

==============================================================================

    Total RO  Size (Code + RO Data)                  320 (   0.31kB)
    Total RW  Size (RW Data + ZI Data)                 0 (   0.00kB)
    Total ROM Size (Code + RO Data + RW Data)        320 (   0.31kB)

==============================================================================

