Component: ARM Compiler 6.14.1 Tool: armlink [5db06d00]

==============================================================================

Section Cross References

    startup.o(mySection1) refers to startup.o(mySection2) for myResetHandler
    startup.o(mySection2) refers to app.o(mySection3) for myApplication
    app.o(mySection3) refers to lcd.o(lcdSection) for init_lcd


==============================================================================

Image Symbol Table

    Local Symbols

    Symbol Name                              Value     Ov Type        Size  Object(Section)

    App.s                                    0x00000000   Number         0  app.o ABSOLUTE
    Lcd.s                                    0x00000000   Number         0  lcd.o ABSOLUTE
    Startup.s                                0x00000000   Number         0  startup.o ABSOLUTE
    mySection1                               0x08000000   Section        8  startup.o(mySection1)
    lcdSection                               0x08000008   Section      220  lcd.o(lcdSection)
    myResetHandler                           0x080000e5   Thumb Code     0  startup.o(mySection2)
    mySection2                               0x080000e4   Section        4  startup.o(mySection2)
    mySection3                               0x080000e8   Section       92  app.o(mySection3)

    Global Symbols

    Symbol Name                              Value     Ov Type        Size  Object(Section)

    BuildAttributes$$THM_ISAv4$P$D$K$B$S$A:L22UL41UL21$X:L11$S22US41US21$IEEE1$~IW$USESV6$~STKCKD$USESV7$~SHL$OSPACE$EBA8$STANDARDLIB$PRES8$EABIv2 0x00000000   Number         0  anon$$obj.o ABSOLUTE
    delay                                    0x08000009   Thumb Code     0  lcd.o(lcdSection)
    send_command                             0x08000013   Thumb Code     0  lcd.o(lcdSection)
    send_data                                0x08000075   Thumb Code     0  lcd.o(lcdSection)
    init_lcd                                 0x080000a5   Thumb Code     0  lcd.o(lcdSection)
    myApplication                            0x080000e9   Thumb Code     0  app.o(mySection3)



==============================================================================

Memory Map of the image

  Image Entry point : 0x080000e5

  Load Region LR_IROM1 (Base: 0x08000000, Size: 0x00000144, Max: 0x00010000, ABSOLUTE)

    Execution Region ER_IROM1 (Exec base: 0x08000000, Load base: 0x08000000, Size: 0x00000144, Max: 0x00010000, ABSOLUTE)

    Exec Addr    Load Addr    Size         Type   Attr      Idx    E Section Name        Object

    0x08000000   0x08000000   0x00000008   Data   RO            1    mySection1          startup.o
    0x08000008   0x08000008   0x000000dc   Code   RO           10    lcdSection          lcd.o
    0x080000e4   0x080000e4   0x00000004   Code   RO            2  * mySection2          startup.o
    0x080000e8   0x080000e8   0x0000005c   Code   RO            7    mySection3          app.o


    Execution Region RW_IRAM1 (Exec base: 0x20000000, Load base: 0x08000144, Size: 0x00000000, Max: 0x00005000, ABSOLUTE)

    **** No section assigned to this execution region ****


==============================================================================

Image component sizes


      Code (inc. data)   RO Data    RW Data    ZI Data      Debug   Object Name

        92         12          0          0          0        212   app.o
       220          4          0          0          0        260   lcd.o
         4          0          8          0          0        232   startup.o

    ----------------------------------------------------------------------
       316         16          8          0          0        704   Object Totals
         0          0          0          0          0          0   (incl. Generated)
         0          0          0          0          0          0   (incl. Padding)

    ----------------------------------------------------------------------
         0          0          0          0          0          0   Library Totals
         0          0          0          0          0          0   (incl. Padding)

    ----------------------------------------------------------------------

==============================================================================


      Code (inc. data)   RO Data    RW Data    ZI Data      Debug   

       316         16          8          0          0        704   Grand Totals
       316         16          8          0          0        704   ELF Image Totals
       316         16          8          0          0          0   ROM Totals

==============================================================================

    Total RO  Size (Code + RO Data)                  324 (   0.32kB)
    Total RW  Size (RW Data + ZI Data)                 0 (   0.00kB)
    Total ROM Size (Code + RO Data + RW Data)        324 (   0.32kB)

==============================================================================

