Component: ARM Compiler 6.14.1 Tool: armlink [5db06d00]

==============================================================================

Section Cross References

    startup.o(mySection1) refers to startup.o(mySection2) for myResetHandler
    startup.o(mySection2) refers to app.o(mySection3) for myApplication
    app.o(mySection3) refers to lcd.o(lcdSection) for init_lcd
    app.o(mySection3) refers to adc.o(adcSection) for init_adc
    adc.o(adcSection) refers to lcd.o(lcdSection) for send_data


==============================================================================

Image Symbol Table

    Local Symbols

    Symbol Name                              Value     Ov Type        Size  Object(Section)

    Adc.s                                    0x00000000   Number         0  adc.o ABSOLUTE
    App.s                                    0x00000000   Number         0  app.o ABSOLUTE
    Lcd.s                                    0x00000000   Number         0  lcd.o ABSOLUTE
    Startup.s                                0x00000000   Number         0  startup.o ABSOLUTE
    mySection1                               0x08000000   Section        8  startup.o(mySection1)
    adcSection                               0x08000008   Section      228  adc.o(adcSection)
    lcdSection                               0x080000ec   Section      220  lcd.o(lcdSection)
    myResetHandler                           0x080001c9   Thumb Code     0  startup.o(mySection2)
    mySection2                               0x080001c8   Section        4  startup.o(mySection2)
    mySection3                               0x080001cc   Section      208  app.o(mySection3)

    Global Symbols

    Symbol Name                              Value     Ov Type        Size  Object(Section)

    BuildAttributes$$THM_ISAv4$P$D$K$B$S$A:L22UL41UL21$X:L11$S22US41US21$IEEE1$~IW$USESV6$~STKCKD$USESV7$~SHL$OSPACE$EBA8$STANDARDLIB$PRES8$EABIv2 0x00000000   Number         0  anon$$obj.o ABSOLUTE
    init_adc                                 0x08000009   Thumb Code     0  adc.o(adcSection)
    read_adc                                 0x0800002d   Thumb Code     0  adc.o(adcSection)
    display_lcd                              0x08000043   Thumb Code     0  adc.o(adcSection)
    delay                                    0x080000ed   Thumb Code     0  lcd.o(lcdSection)
    send_command                             0x080000f7   Thumb Code     0  lcd.o(lcdSection)
    send_data                                0x08000159   Thumb Code     0  lcd.o(lcdSection)
    init_lcd                                 0x08000189   Thumb Code     0  lcd.o(lcdSection)
    myApplication                            0x080001cd   Thumb Code     0  app.o(mySection3)



==============================================================================

Memory Map of the image

  Image Entry point : 0x080001c9

  Load Region LR_IROM1 (Base: 0x08000000, Size: 0x0000029c, Max: 0x00010000, ABSOLUTE)

    Execution Region ER_IROM1 (Exec base: 0x08000000, Load base: 0x08000000, Size: 0x0000029c, Max: 0x00010000, ABSOLUTE)

    Exec Addr    Load Addr    Size         Type   Attr      Idx    E Section Name        Object

    0x08000000   0x08000000   0x00000008   Data   RO            1    mySection1          startup.o
    0x08000008   0x08000008   0x000000e4   Code   RO           13    adcSection          adc.o
    0x080000ec   0x080000ec   0x000000dc   Code   RO           10    lcdSection          lcd.o
    0x080001c8   0x080001c8   0x00000004   Code   RO            2  * mySection2          startup.o
    0x080001cc   0x080001cc   0x000000d0   Code   RO            7    mySection3          app.o


    Execution Region RW_IRAM1 (Exec base: 0x20000000, Load base: 0x0800029c, Size: 0x00000000, Max: 0x00005000, ABSOLUTE)

    **** No section assigned to this execution region ****


==============================================================================

Image component sizes


      Code (inc. data)   RO Data    RW Data    ZI Data      Debug   Object Name

       228         12          0          0          0        256   adc.o
       208         18          0          0          0        244   app.o
       220          4          0          0          0        260   lcd.o
         4          0          8          0          0        232   startup.o

    ----------------------------------------------------------------------
       660         34          8          0          0        992   Object Totals
         0          0          0          0          0          0   (incl. Generated)
         0          0          0          0          0          0   (incl. Padding)

    ----------------------------------------------------------------------
         0          0          0          0          0          0   Library Totals
         0          0          0          0          0          0   (incl. Padding)

    ----------------------------------------------------------------------

==============================================================================


      Code (inc. data)   RO Data    RW Data    ZI Data      Debug   

       660         34          8          0          0        992   Grand Totals
       660         34          8          0          0        992   ELF Image Totals
       660         34          8          0          0          0   ROM Totals

==============================================================================

    Total RO  Size (Code + RO Data)                  668 (   0.65kB)
    Total RW  Size (RW Data + ZI Data)                 0 (   0.00kB)
    Total ROM Size (Code + RO Data + RW Data)        668 (   0.65kB)

==============================================================================

